#-----------------------------------------------------------
# Vivado v2018.2 (64-bit)
# SW Build 2258646 on Thu Jun 14 20:03:12 MDT 2018
# IP Build 2256618 on Thu Jun 14 22:10:49 MDT 2018
# Start of session at: Mon Oct 10 07:17:47 2022
# Process ID: 5304
# Current directory: C:/Users/Amila Kasun/Desktop/Edu/UOM/Academic/Sem 2/Computer Organization and Digital Design/Project/Nanoprocessor Design Project Files/3. ProgramRom
# Command line: vivado.exe -gui_launcher_event rodinguilauncherevent12948 C:\Users\Amila Kasun\Desktop\Edu\UOM\Academic\Sem 2\Computer Organization and Digital Design\Project\Nanoprocessor Design Project Files\3. ProgramRom\ProgramRom.xpr
# Log file: C:/Users/Amila Kasun/Desktop/Edu/UOM/Academic/Sem 2/Computer Organization and Digital Design/Project/Nanoprocessor Design Project Files/3. ProgramRom/vivado.log
# Journal file: C:/Users/Amila Kasun/Desktop/Edu/UOM/Academic/Sem 2/Computer Organization and Digital Design/Project/Nanoprocessor Design Project Files/3. ProgramRom\vivado.jou
#-----------------------------------------------------------
start_gui
open_project {C:/Users/Amila Kasun/Desktop/Edu/UOM/Academic/Sem 2/Computer Organization and Digital Design/Project/Nanoprocessor Design Project Files/3. ProgramRom/ProgramRom.xpr}
update_compile_order -fileset sources_1
